Performing C++ SOURCE FILE Test HAVE_STDATOMIC failed with the following output:
Change Dir: /home/caleb/Downloads/simpleqml3d/simpleqml3d/build/CMakeFiles/CMakeScratch/TryCompile-56Gdy1

Run Build Command(s):/usr/bin/gmake -f Makefile cmTC_fc153/fast && /usr/bin/gmake  -f CMakeFiles/cmTC_fc153.dir/build.make CMakeFiles/cmTC_fc153.dir/build
gmake[1]: Entering directory '/home/caleb/Downloads/simpleqml3d/simpleqml3d/build/CMakeFiles/CMakeScratch/TryCompile-56Gdy1'
Building CXX object CMakeFiles/cmTC_fc153.dir/src.cxx.o
/usr/bin/c++ -DHAVE_STDATOMIC   -o CMakeFiles/cmTC_fc153.dir/src.cxx.o -c /home/caleb/Downloads/simpleqml3d/simpleqml3d/build/CMakeFiles/CMakeScratch/TryCompile-56Gdy1/src.cxx
Linking CXX executable cmTC_fc153
/usr/bin/cmake -E cmake_link_script CMakeFiles/cmTC_fc153.dir/link.txt --verbose=1
/usr/bin/c++ CMakeFiles/cmTC_fc153.dir/src.cxx.o -o cmTC_fc153 
/usr/bin/ld: CMakeFiles/cmTC_fc153.dir/src.cxx.o: in function `main':
src.cxx:(.text+0x248): undefined reference to `__atomic_load_8'
/usr/bin/ld: CMakeFiles/cmTC_fc153.dir/src.cxx.o: in function `std::__atomic_base<long long>::operator++() volatile':
src.cxx:(.text._ZNVSt13__atomic_baseIxEppEv[_ZNVSt13__atomic_baseIxEppEv]+0x28): undefined reference to `__atomic_fetch_add_8'
collect2: error: ld returned 1 exit status
gmake[1]: *** [CMakeFiles/cmTC_fc153.dir/build.make:99: cmTC_fc153] Error 1
gmake[1]: Leaving directory '/home/caleb/Downloads/simpleqml3d/simpleqml3d/build/CMakeFiles/CMakeScratch/TryCompile-56Gdy1'
gmake: *** [Makefile:127: cmTC_fc153/fast] Error 2


Source file was:
#include <atomic>
#include <cstdint>

int main(int, char **)
{
    volatile std::atomic<char>    size_1;
    volatile std::atomic<short>   size_2;
    volatile std::atomic<int>     size_4;
    volatile std::atomic<int64_t> size_8;

    ++size_1;
    ++size_2;
    ++size_4;
    ++size_8;

    (void)size_1.load(std::memory_order_relaxed);
    (void)size_2.load(std::memory_order_relaxed);
    (void)size_4.load(std::memory_order_relaxed);
    (void)size_8.load(std::memory_order_relaxed);

    return 0;
}

